Enter command (a,g,p,q,r, h for Help)> Enter card ID: Not valid. Enter a valid value: Enter amount: Card added.
Enter command (a,g,p,q,r, h for Help)> Enter card ID: Enter amount: Card added.
Enter command (a,g,p,q,r, h for Help)> Enter card ID: Enter amount: Card added.
Enter command (a,g,p,q,r, h for Help)> Enter card ID: Enter amount: Card added.
Enter command (a,g,p,q,r, h for Help)> Enter card ID: Enter amount: Card added.
Enter command (a,g,p,q,r, h for Help)> Enter card ID: Enter amount: Card added.
Enter command (a,g,p,q,r, h for Help)> Enter card ID: Enter amount: Card added.
Enter command (a,g,p,q,r, h for Help)> Enter card ID: Enter amount: Card added.
Enter command (a,g,p,q,r, h for Help)> Enter card ID: Enter amount: Card added.
Enter command (a,g,p,q,r, h for Help)> Enter card ID: Enter amount: Card added.
Enter command (a,g,p,q,r, h for Help)> Enter card ID: Enter amount: Not valid. Enter a valid value: Card added.
Enter command (a,g,p,q,r, h for Help)> Enter card ID: Enter amount: Card added.
Enter command (a,g,p,q,r, h for Help)> Enter card ID: Enter amount: Card added.
Enter command (a,g,p,q,r, h for Help)> Enter card ID: Enter amount: Not valid. Enter a valid value: Card added.
Enter command (a,g,p,q,r, h for Help)> Enter card ID: Enter amount: Card added.
Enter command (a,g,p,q,r, h for Help)> Enter card ID: Not valid. Enter a valid value: Enter amount: Card added.
Enter command (a,g,p,q,r, h for Help)> Enter card ID: Not valid. Enter a valid value: Enter amount: Card added.
Enter command (a,g,p,q,r, h for Help)> Enter card ID: Enter amount: Card added.
Enter command (a,g,p,q,r, h for Help)> Enter card ID: Not valid. Enter a valid value: Enter amount: Card added.
Enter command (a,g,p,q,r, h for Help)> Enter card ID: Enter amount: Card added.
Enter command (a,g,p,q,r, h for Help)> Enter card ID: Enter amount: Card added.
Enter command (a,g,p,q,r, h for Help)> Enter card ID: Enter amount: Not valid. Enter a valid value: Card added.
Enter command (a,g,p,q,r, h for Help)> Enter card ID: Not valid. Enter a valid value: Enter amount: Card added.
Enter command (a,g,p,q,r, h for Help)> Enter card ID: Enter amount: Not valid. Enter a valid value: Card added.
Enter command (a,g,p,q,r, h for Help)> Enter card ID: Enter amount: Not valid. Enter a valid value: Card added.
Enter command (a,g,p,q,r, h for Help)> Enter card ID: Enter amount: Card added.
Enter command (a,g,p,q,r, h for Help)> Enter card ID: Enter amount: Card added.
Enter command (a,g,p,q,r, h for Help)> Enter card ID: Enter amount: Not valid. Enter a valid value: Card added.
Enter command (a,g,p,q,r, h for Help)> Enter card ID: Enter amount: Card added.
Enter command (a,g,p,q,r, h for Help)> Enter card ID: Enter amount: Card added.
Enter command (a,g,p,q,r, h for Help)> Enter card ID: Enter amount: Card added.
Enter command (a,g,p,q,r, h for Help)> Enter card ID: Not valid. Enter a valid value: Enter amount: Card added.
Enter command (a,g,p,q,r, h for Help)> Enter card ID: Enter amount: Card added.
Enter command (a,g,p,q,r, h for Help)> Enter card ID: Enter amount: Card added.
Enter command (a,g,p,q,r, h for Help)> Enter card ID: Not valid. Enter a valid value: Enter amount: Card added.
Enter command (a,g,p,q,r, h for Help)> Enter card ID: Enter amount: Card added.
Enter command (a,g,p,q,r, h for Help)> Enter card ID: Enter amount: Card added.
Enter command (a,g,p,q,r, h for Help)> Enter card ID: Enter amount: Card added.
Enter command (a,g,p,q,r, h for Help)> Enter card ID: Enter amount: Card added.
Enter command (a,g,p,q,r, h for Help)> Enter card ID: Enter amount: Card added.
Enter command (a,g,p,q,r, h for Help)> Enter card ID: Enter amount: Card added.
Enter command (a,g,p,q,r, h for Help)> Enter card ID: Enter amount: Card added.
Enter command (a,g,p,q,r, h for Help)> Enter card ID: Enter amount: Card added.
Enter command (a,g,p,q,r, h for Help)> Enter card ID: Enter amount: Card added.
Enter command (a,g,p,q,r, h for Help)> Enter card ID: Not valid. Enter a valid value: Enter amount: Card added.
Enter command (a,g,p,q,r, h for Help)> Enter card ID: Enter amount: Card added.
Enter command (a,g,p,q,r, h for Help)> Enter card ID: Enter amount: Card added.
Enter command (a,g,p,q,r, h for Help)> Enter card ID: Enter amount: Card added.
Enter command (a,g,p,q,r, h for Help)> Enter card ID: Enter amount: Card added.
Enter command (a,g,p,q,r, h for Help)> Enter card ID: Enter amount: Card added.
Enter command (a,g,p,q,r, h for Help)> Enter card ID: Enter amount: Card added.
Enter command (a,g,p,q,r, h for Help)> Enter card ID: Enter amount: Card added.
Enter command (a,g,p,q,r, h for Help)> Enter card ID: Enter amount: Card added.
Enter command (a,g,p,q,r, h for Help)> Enter card ID: Enter amount: Card added.
Enter command (a,g,p,q,r, h for Help)> Enter card ID: Enter amount: Card added.
Enter command (a,g,p,q,r, h for Help)> Enter card ID: Enter amount: Card added.
Enter command (a,g,p,q,r, h for Help)> Enter card ID: Not valid. Enter a valid value: Enter amount: Card added.
Enter command (a,g,p,q,r, h for Help)> Enter card ID: Enter amount: Not valid. Enter a valid value: Card added.
Enter command (a,g,p,q,r, h for Help)> Enter card ID: Not valid. Enter a valid value: Enter amount: Card added.
Enter command (a,g,p,q,r, h for Help)> Enter card ID: Enter amount: Card added.
Enter command (a,g,p,q,r, h for Help)> Enter card ID: Not valid. Enter a valid value: Enter amount: Card added.
Enter command (a,g,p,q,r, h for Help)> Enter card ID: Enter amount: Card added.
Enter command (a,g,p,q,r, h for Help)> Enter card ID: Enter amount: Card added.
Enter command (a,g,p,q,r, h for Help)> Enter card ID: Enter amount: Card added.
Enter command (a,g,p,q,r, h for Help)> Enter card ID: Enter amount: Card added.
Enter command (a,g,p,q,r, h for Help)> Enter card ID: Enter amount: Card added.
Enter command (a,g,p,q,r, h for Help)> Enter card ID: Enter amount: Card added.
Enter command (a,g,p,q,r, h for Help)> Enter card ID: Enter amount: Not valid. Enter a valid value: Card added.
Enter command (a,g,p,q,r, h for Help)> Enter card ID: Enter amount: Card added.
Enter command (a,g,p,q,r, h for Help)> -----------------
Card ID: 10340380
Balance: $168.52
-----------------
-----------------
Card ID: 12808204
Balance: $86.69
-----------------
-----------------
Card ID: 13362075
Balance: $89.15
-----------------
-----------------
Card ID: 13437197
Balance: $71.29
-----------------
-----------------
Card ID: 15159117
Balance: $229.66
-----------------
-----------------
Card ID: 18550100
Balance: $181.55
-----------------
-----------------
Card ID: 20786129
Balance: $233.17
-----------------
-----------------
Card ID: 23861927
Balance: $62.56
-----------------
-----------------
Card ID: 24915357
Balance: $38.08
-----------------
-----------------
Card ID: 25900495
Balance: $104.97
-----------------
-----------------
Card ID: 27051880
Balance: $198.57
-----------------
-----------------
Card ID: 27691621
Balance: $176.44
-----------------
-----------------
Card ID: 29487230
Balance: $76.12
-----------------
-----------------
Card ID: 29693800
Balance: $10.24
-----------------
-----------------
Card ID: 31317991
Balance: $203.66
-----------------
-----------------
Card ID: 35143157
Balance: $57.57
-----------------
-----------------
Card ID: 35201905
Balance: $90.85
-----------------
-----------------
Card ID: 36940635
Balance: $191.85
-----------------
-----------------
Card ID: 39310767
Balance: $203.55
-----------------
-----------------
Card ID: 39735064
Balance: $31.43
-----------------
-----------------
Card ID: 42931643
Balance: $13.29
-----------------
-----------------
Card ID: 44996931
Balance: $224.55
-----------------
-----------------
Card ID: 45159436
Balance: $56.90
-----------------
-----------------
Card ID: 46813315
Balance: $230.45
-----------------
-----------------
Card ID: 46826674
Balance: $41.11
-----------------
-----------------
Card ID: 47105478
Balance: $55.55
-----------------
-----------------
Card ID: 48001996
Balance: $165.16
-----------------
-----------------
Card ID: 48496590
Balance: $151.77
-----------------
-----------------
Card ID: 49832592
Balance: $218.98
-----------------
-----------------
Card ID: 50651481
Balance: $32.81
-----------------
-----------------
Card ID: 52149090
Balance: $91.42
-----------------
-----------------
Card ID: 52214608
Balance: $95.03
-----------------
-----------------
Card ID: 52427777
Balance: $62.90
-----------------
-----------------
Card ID: 53277955
Balance: $44.20
-----------------
-----------------
Card ID: 55820345
Balance: $97.05
-----------------
-----------------
Card ID: 56864567
Balance: $176.21
-----------------
-----------------
Card ID: 58748302
Balance: $240.96
-----------------
-----------------
Card ID: 59875737
Balance: $130.77
-----------------
-----------------
Card ID: 60143429
Balance: $216.76
-----------------
-----------------
Card ID: 60292522
Balance: $179.95
-----------------
-----------------
Card ID: 60381736
Balance: $39.75
-----------------
-----------------
Card ID: 61215296
Balance: $58.28
-----------------
-----------------
Card ID: 61999002
Balance: $182.81
-----------------
-----------------
Card ID: 62199345
Balance: $54.15
-----------------
-----------------
Card ID: 62898828
Balance: $170.66
-----------------
-----------------
Card ID: 65440334
Balance: -$1.44
Low balance
-----------------
-----------------
Card ID: 65667354
Balance: $26.92
-----------------
-----------------
Card ID: 66083238
Balance: $163.49
-----------------
-----------------
Card ID: 69065965
Balance: $241.41
-----------------
-----------------
Card ID: 69676801
Balance: $116.48
-----------------
-----------------
Card ID: 69734561
Balance: $13.26
-----------------
-----------------
Card ID: 77556519
Balance: $29.34
-----------------
-----------------
Card ID: 78820028
Balance: $120.52
-----------------
-----------------
Card ID: 81030761
Balance: -$0.66
Low balance
-----------------
-----------------
Card ID: 81753276
Balance: $118.10
-----------------
-----------------
Card ID: 83684074
Balance: $138.47
-----------------
-----------------
Card ID: 86417687
Balance: $106.68
-----------------
-----------------
Card ID: 87818952
Balance: $189.62
-----------------
-----------------
Card ID: 87873615
Balance: $232.23
-----------------
-----------------
Card ID: 87979251
Balance: $178.99
-----------------
-----------------
Card ID: 90491063
Balance: $80.09
-----------------
-----------------
Card ID: 91174064
Balance: $121.87
-----------------
-----------------
Card ID: 92409550
Balance: $8.81
-----------------
-----------------
Card ID: 92423673
Balance: $181.48
-----------------
-----------------
Card ID: 93094338
Balance: $163.87
-----------------
-----------------
Card ID: 96345720
Balance: $8.83
-----------------
-----------------
Card ID: 96658824
Balance: $94.25
-----------------
-----------------
Card ID: 96809581
Balance: $67.50
-----------------
-----------------
Card ID: 97769013
Balance: $216.10
-----------------
Enter command (a,g,p,q,r, h for Help)> Number of cards on file: 69
Average balance: $118.17
Enter command (a,g,p,q,r, h for Help)> Bye.
