Enter command (a,g,p,q,r, h for Help)> Enter card ID: Enter amount: Card added.
Enter command (a,g,p,q,r, h for Help)> Enter card ID: Enter amount: Card added.
Enter command (a,g,p,q,r, h for Help)> Enter card ID: Enter amount: Card added.
Enter command (a,g,p,q,r, h for Help)> Enter card ID: Enter amount: Card added.
Enter command (a,g,p,q,r, h for Help)> Enter card ID: Enter amount: Card added.
Enter command (a,g,p,q,r, h for Help)> Enter card ID: Enter amount: Card added.
Enter command (a,g,p,q,r, h for Help)> Enter card ID: Not valid. Enter a valid value: Enter amount: Card added.
Enter command (a,g,p,q,r, h for Help)> Enter card ID: Enter amount: Card added.
Enter command (a,g,p,q,r, h for Help)> Enter card ID: Enter amount: Not valid. Enter a valid value: Card added.
Enter command (a,g,p,q,r, h for Help)> Enter card ID: Enter amount: Card added.
Enter command (a,g,p,q,r, h for Help)> Enter card ID: Enter amount: Card added.
Enter command (a,g,p,q,r, h for Help)> Enter card ID: Not valid. Enter a valid value: Enter amount: Card added.
Enter command (a,g,p,q,r, h for Help)> Enter card ID: Enter amount: Card added.
Enter command (a,g,p,q,r, h for Help)> Enter card ID: Enter amount: Card added.
Enter command (a,g,p,q,r, h for Help)> Enter card ID: Enter amount: Card added.
Enter command (a,g,p,q,r, h for Help)> Enter card ID: Enter amount: Card added.
Enter command (a,g,p,q,r, h for Help)> Enter card ID: Enter amount: Card added.
Enter command (a,g,p,q,r, h for Help)> Enter card ID: Enter amount: Not valid. Enter a valid value: Card added.
Enter command (a,g,p,q,r, h for Help)> Enter card ID: Enter amount: Card added.
Enter command (a,g,p,q,r, h for Help)> Enter card ID: Enter amount: Card added.
Enter command (a,g,p,q,r, h for Help)> Enter card ID: Enter amount: Card added.
Enter command (a,g,p,q,r, h for Help)> Enter card ID: Enter amount: Card added.
Enter command (a,g,p,q,r, h for Help)> Enter card ID: Not valid. Enter a valid value: Enter amount: Card added.
Enter command (a,g,p,q,r, h for Help)> Enter card ID: Enter amount: Card added.
Enter command (a,g,p,q,r, h for Help)> Enter card ID: Enter amount: Not valid. Enter a valid value: Card added.
Enter command (a,g,p,q,r, h for Help)> Enter card ID: Enter amount: Card added.
Enter command (a,g,p,q,r, h for Help)> Enter card ID: Enter amount: Card added.
Enter command (a,g,p,q,r, h for Help)> Enter card ID: Enter amount: Card added.
Enter command (a,g,p,q,r, h for Help)> Enter card ID: Enter amount: Card added.
Enter command (a,g,p,q,r, h for Help)> Enter card ID: Enter amount: Card added.
Enter command (a,g,p,q,r, h for Help)> Enter card ID: Enter amount: Card added.
Enter command (a,g,p,q,r, h for Help)> Enter card ID: Enter amount: Card added.
Enter command (a,g,p,q,r, h for Help)> Enter card ID: Enter amount: Card added.
Enter command (a,g,p,q,r, h for Help)> Enter card ID: Enter amount: Card added.
Enter command (a,g,p,q,r, h for Help)> Enter card ID: Enter amount: Card added.
Enter command (a,g,p,q,r, h for Help)> Enter card ID: Enter amount: Card added.
Enter command (a,g,p,q,r, h for Help)> Enter card ID: Enter amount: Card added.
Enter command (a,g,p,q,r, h for Help)> Enter card ID: Enter amount: Card added.
Enter command (a,g,p,q,r, h for Help)> Enter card ID: Enter amount: Card added.
Enter command (a,g,p,q,r, h for Help)> Enter card ID: Not valid. Enter a valid value: Enter amount: Card added.
Enter command (a,g,p,q,r, h for Help)> Enter card ID: Enter amount: Card added.
Enter command (a,g,p,q,r, h for Help)> Enter card ID: Enter amount: Card added.
Enter command (a,g,p,q,r, h for Help)> Enter card ID: Enter amount: Card added.
Enter command (a,g,p,q,r, h for Help)> Enter card ID: Enter amount: Card added.
Enter command (a,g,p,q,r, h for Help)> Enter card ID: Enter amount: Card added.
Enter command (a,g,p,q,r, h for Help)> Enter card ID: Enter amount: Card added.
Enter command (a,g,p,q,r, h for Help)> Enter card ID: Enter amount: Card added.
Enter command (a,g,p,q,r, h for Help)> Enter card ID: Enter amount: Card added.
Enter command (a,g,p,q,r, h for Help)> Enter card ID: Enter amount: Card added.
Enter command (a,g,p,q,r, h for Help)> Enter card ID: Enter amount: Card added.
Enter command (a,g,p,q,r, h for Help)> Enter card ID: Not valid. Enter a valid value: Enter amount: Card added.
Enter command (a,g,p,q,r, h for Help)> Enter card ID: Enter amount: Not valid. Enter a valid value: Card added.
Enter command (a,g,p,q,r, h for Help)> Enter card ID: Enter amount: Card added.
Enter command (a,g,p,q,r, h for Help)> Enter card ID: Enter amount: Card added.
Enter command (a,g,p,q,r, h for Help)> Enter card ID: Enter amount: Card added.
Enter command (a,g,p,q,r, h for Help)> Enter card ID: Enter amount: Card added.
Enter command (a,g,p,q,r, h for Help)> Enter card ID: Enter amount: Card added.
Enter command (a,g,p,q,r, h for Help)> Enter card ID: Enter amount: Card added.
Enter command (a,g,p,q,r, h for Help)> -----------------
Card ID: 10975664
Balance: $155.91
-----------------
-----------------
Card ID: 11173074
Balance: $220.53
-----------------
-----------------
Card ID: 12828159
Balance: $188.91
-----------------
-----------------
Card ID: 14532157
Balance: $35.34
-----------------
-----------------
Card ID: 14583145
Balance: $82.43
-----------------
-----------------
Card ID: 15979152
Balance: $4.29
Low balance
-----------------
-----------------
Card ID: 16540349
Balance: $218.77
-----------------
-----------------
Card ID: 20873145
Balance: $191.51
-----------------
-----------------
Card ID: 21117550
Balance: $148.21
-----------------
-----------------
Card ID: 21257153
Balance: $35.67
-----------------
-----------------
Card ID: 21442974
Balance: $190.62
-----------------
-----------------
Card ID: 21724827
Balance: $26.91
-----------------
-----------------
Card ID: 23556290
Balance: $147.64
-----------------
-----------------
Card ID: 24063206
Balance: $83.78
-----------------
-----------------
Card ID: 24463158
Balance: $235.45
-----------------
-----------------
Card ID: 27772512
Balance: $8.35
-----------------
-----------------
Card ID: 32198032
Balance: $39.93
-----------------
-----------------
Card ID: 35844682
Balance: $199.28
-----------------
-----------------
Card ID: 35916239
Balance: $131.20
-----------------
-----------------
Card ID: 37084285
Balance: $189.23
-----------------
-----------------
Card ID: 38788899
Balance: $99.08
-----------------
-----------------
Card ID: 41484293
Balance: $17.82
-----------------
-----------------
Card ID: 46582108
Balance: $247.64
-----------------
-----------------
Card ID: 47434882
Balance: $113.90
-----------------
-----------------
Card ID: 47925997
Balance: $145.71
-----------------
-----------------
Card ID: 48107718
Balance: $120.08
-----------------
-----------------
Card ID: 48689837
Balance: $58.28
-----------------
-----------------
Card ID: 52014673
Balance: $9.04
-----------------
-----------------
Card ID: 52253682
Balance: $129.64
-----------------
-----------------
Card ID: 52729689
Balance: $175.31
-----------------
-----------------
Card ID: 55311808
Balance: $208.62
-----------------
-----------------
Card ID: 58728201
Balance: $126.14
-----------------
-----------------
Card ID: 60103871
Balance: $82.36
-----------------
-----------------
Card ID: 60293318
Balance: $33.45
-----------------
-----------------
Card ID: 61664466
Balance: $17.87
-----------------
-----------------
Card ID: 61768560
Balance: $176.23
-----------------
-----------------
Card ID: 63408973
Balance: $122.41
-----------------
-----------------
Card ID: 64005699
Balance: $152.00
-----------------
-----------------
Card ID: 66035800
Balance: $107.91
-----------------
-----------------
Card ID: 66506306
Balance: $68.59
-----------------
-----------------
Card ID: 70391484
Balance: $103.91
-----------------
-----------------
Card ID: 70898520
Balance: $62.12
-----------------
-----------------
Card ID: 72068306
Balance: $208.23
-----------------
-----------------
Card ID: 73879050
Balance: $216.26
-----------------
-----------------
Card ID: 74345723
Balance: $248.13
-----------------
-----------------
Card ID: 74346281
Balance: $51.54
-----------------
-----------------
Card ID: 74426485
Balance: $165.64
-----------------
-----------------
Card ID: 76717984
Balance: $21.34
-----------------
-----------------
Card ID: 82396091
Balance: $8.05
-----------------
-----------------
Card ID: 82830181
Balance: $95.94
-----------------
-----------------
Card ID: 90013450
Balance: $29.05
-----------------
-----------------
Card ID: 90124282
Balance: $64.52
-----------------
-----------------
Card ID: 90256274
Balance: $76.58
-----------------
-----------------
Card ID: 92989747
Balance: $45.18
-----------------
-----------------
Card ID: 93293298
Balance: $23.37
-----------------
-----------------
Card ID: 96923861
Balance: $166.55
-----------------
-----------------
Card ID: 97243133
Balance: $198.37
-----------------
-----------------
Card ID: 97852294
Balance: $117.41
-----------------
Enter command (a,g,p,q,r, h for Help)> Number of cards on file: 58
Average balance: $114.63
Enter command (a,g,p,q,r, h for Help)> Bye.
