Enter command (a,g,p,q,r, h for Help)> Enter card ID: Enter amount: Card added.
Enter command (a,g,p,q,r, h for Help)> Enter card ID: Enter amount: Card added.
Enter command (a,g,p,q,r, h for Help)> Enter card ID: Enter amount: Card added.
Enter command (a,g,p,q,r, h for Help)> Enter card ID: Enter amount: Card added.
Enter command (a,g,p,q,r, h for Help)> Enter card ID: Enter amount: Card added.
Enter command (a,g,p,q,r, h for Help)> Enter card ID: Enter amount: Card added.
Enter command (a,g,p,q,r, h for Help)> Enter card ID: Enter amount: Not valid. Enter a valid value: Card added.
Enter command (a,g,p,q,r, h for Help)> Enter card ID: Enter amount: Card added.
Enter command (a,g,p,q,r, h for Help)> Enter card ID: Enter amount: Card added.
Enter command (a,g,p,q,r, h for Help)> Enter card ID: Enter amount: Card added.
Enter command (a,g,p,q,r, h for Help)> Enter card ID: Enter amount: Card added.
Enter command (a,g,p,q,r, h for Help)> Enter card ID: Enter amount: Card added.
Enter command (a,g,p,q,r, h for Help)> Enter card ID: Enter amount: Card added.
Enter command (a,g,p,q,r, h for Help)> Enter card ID: Enter amount: Card added.
Enter command (a,g,p,q,r, h for Help)> Enter card ID: Enter amount: Card added.
Enter command (a,g,p,q,r, h for Help)> Enter card ID: Not valid. Enter a valid value: Enter amount: Card added.
Enter command (a,g,p,q,r, h for Help)> Enter card ID: Enter amount: Card added.
Enter command (a,g,p,q,r, h for Help)> Enter card ID: Enter amount: Card added.
Enter command (a,g,p,q,r, h for Help)> Enter card ID: Enter amount: Card added.
Enter command (a,g,p,q,r, h for Help)> Enter card ID: Enter amount: Card added.
Enter command (a,g,p,q,r, h for Help)> Enter card ID: Not valid. Enter a valid value: Enter amount: Card added.
Enter command (a,g,p,q,r, h for Help)> Enter card ID: Enter amount: Not valid. Enter a valid value: Card added.
Enter command (a,g,p,q,r, h for Help)> Enter card ID: Enter amount: Not valid. Enter a valid value: Card added.
Enter command (a,g,p,q,r, h for Help)> Enter card ID: Enter amount: Card added.
Enter command (a,g,p,q,r, h for Help)> Enter card ID: Enter amount: Card added.
Enter command (a,g,p,q,r, h for Help)> Enter card ID: Enter amount: Card added.
Enter command (a,g,p,q,r, h for Help)> Enter card ID: Enter amount: Card added.
Enter command (a,g,p,q,r, h for Help)> Enter card ID: Enter amount: Not valid. Enter a valid value: Card added.
Enter command (a,g,p,q,r, h for Help)> Enter card ID: Enter amount: Card added.
Enter command (a,g,p,q,r, h for Help)> Enter card ID: Enter amount: Card added.
Enter command (a,g,p,q,r, h for Help)> Enter card ID: Not valid. Enter a valid value: Enter amount: Card added.
Enter command (a,g,p,q,r, h for Help)> Enter card ID: Enter amount: Card added.
Enter command (a,g,p,q,r, h for Help)> Enter card ID: Enter amount: Card added.
Enter command (a,g,p,q,r, h for Help)> Enter card ID: Enter amount: Card added.
Enter command (a,g,p,q,r, h for Help)> Enter card ID: Enter amount: Card added.
Enter command (a,g,p,q,r, h for Help)> Enter card ID: Enter amount: Card added.
Enter command (a,g,p,q,r, h for Help)> Enter card ID: Enter amount: Card added.
Enter command (a,g,p,q,r, h for Help)> Enter card ID: Enter amount: Not valid. Enter a valid value: Card added.
Enter command (a,g,p,q,r, h for Help)> Enter card ID: Enter amount: Card added.
Enter command (a,g,p,q,r, h for Help)> Enter card ID: Enter amount: Card added.
Enter command (a,g,p,q,r, h for Help)> Enter card ID: Enter amount: Card added.
Enter command (a,g,p,q,r, h for Help)> Enter card ID: Enter amount: Card added.
Enter command (a,g,p,q,r, h for Help)> Enter card ID: Enter amount: Card added.
Enter command (a,g,p,q,r, h for Help)> Enter card ID: Enter amount: Card added.
Enter command (a,g,p,q,r, h for Help)> -----------------
Card ID: 11825977
Balance: $184.49
-----------------
-----------------
Card ID: 12712885
Balance: $126.85
-----------------
-----------------
Card ID: 14072769
Balance: $130.04
-----------------
-----------------
Card ID: 19051892
Balance: $72.84
-----------------
-----------------
Card ID: 19546565
Balance: $204.54
-----------------
-----------------
Card ID: 19677354
Balance: $158.79
-----------------
-----------------
Card ID: 21002704
Balance: $166.95
-----------------
-----------------
Card ID: 22645920
Balance: $49.77
-----------------
-----------------
Card ID: 23428982
Balance: $33.07
-----------------
-----------------
Card ID: 24269810
Balance: $120.41
-----------------
-----------------
Card ID: 28783850
Balance: $96.00
-----------------
-----------------
Card ID: 39722569
Balance: $139.24
-----------------
-----------------
Card ID: 40072150
Balance: -$0.78
Low balance
-----------------
-----------------
Card ID: 43772792
Balance: $210.60
-----------------
-----------------
Card ID: 45660894
Balance: $117.80
-----------------
-----------------
Card ID: 48378920
Balance: $54.25
-----------------
-----------------
Card ID: 48428343
Balance: $34.58
-----------------
-----------------
Card ID: 51993918
Balance: $178.17
-----------------
-----------------
Card ID: 54705847
Balance: $54.10
-----------------
-----------------
Card ID: 56317621
Balance: $57.86
-----------------
-----------------
Card ID: 56698268
Balance: $142.50
-----------------
-----------------
Card ID: 57727972
Balance: $5.09
-----------------
-----------------
Card ID: 58232706
Balance: $113.04
-----------------
-----------------
Card ID: 60083087
Balance: $76.94
-----------------
-----------------
Card ID: 60246735
Balance: $192.33
-----------------
-----------------
Card ID: 60527395
Balance: $249.37
-----------------
-----------------
Card ID: 64224003
Balance: $47.62
-----------------
-----------------
Card ID: 69673502
Balance: $100.25
-----------------
-----------------
Card ID: 71598738
Balance: $110.30
-----------------
-----------------
Card ID: 72397578
Balance: $35.93
-----------------
-----------------
Card ID: 73938798
Balance: $2.40
Low balance
-----------------
-----------------
Card ID: 74116693
Balance: $44.52
-----------------
-----------------
Card ID: 74613837
Balance: $73.90
-----------------
-----------------
Card ID: 77414071
Balance: $199.85
-----------------
-----------------
Card ID: 77884342
Balance: $239.70
-----------------
-----------------
Card ID: 78418296
Balance: $141.42
-----------------
-----------------
Card ID: 80538483
Balance: $142.10
-----------------
-----------------
Card ID: 80612728
Balance: $147.97
-----------------
-----------------
Card ID: 83101225
Balance: $88.03
-----------------
-----------------
Card ID: 84453145
Balance: $82.80
-----------------
-----------------
Card ID: 87868210
Balance: $79.08
-----------------
-----------------
Card ID: 91570123
Balance: $182.16
-----------------
-----------------
Card ID: 98022079
Balance: $84.70
-----------------
-----------------
Card ID: 99726731
Balance: $37.40
-----------------
Enter command (a,g,p,q,r, h for Help)> Number of cards on file: 44
Average balance: $109.29
Enter command (a,g,p,q,r, h for Help)> Bye.
