Enter command (a,g,p,q,r, h for Help)> Enter card ID: Enter amount: Card added.
Enter command (a,g,p,q,r, h for Help)> Enter card ID: Enter amount: Card added.
Enter command (a,g,p,q,r, h for Help)> Enter card ID: Enter amount: Card added.
Enter command (a,g,p,q,r, h for Help)> Enter card ID: Enter amount: Card added.
Enter command (a,g,p,q,r, h for Help)> Enter card ID: Not valid. Enter a valid value: Enter amount: Card added.
Enter command (a,g,p,q,r, h for Help)> Enter card ID: Enter amount: Not valid. Enter a valid value: Card added.
Enter command (a,g,p,q,r, h for Help)> Enter card ID: Enter amount: Card added.
Enter command (a,g,p,q,r, h for Help)> Enter card ID: Not valid. Enter a valid value: Enter amount: Card added.
Enter command (a,g,p,q,r, h for Help)> Enter card ID: Enter amount: Card added.
Enter command (a,g,p,q,r, h for Help)> Enter card ID: Enter amount: Card added.
Enter command (a,g,p,q,r, h for Help)> Enter card ID: Enter amount: Card added.
Enter command (a,g,p,q,r, h for Help)> Enter card ID: Enter amount: Card added.
Enter command (a,g,p,q,r, h for Help)> Enter card ID: Enter amount: Card added.
Enter command (a,g,p,q,r, h for Help)> Enter card ID: Enter amount: Card added.
Enter command (a,g,p,q,r, h for Help)> Enter card ID: Enter amount: Card added.
Enter command (a,g,p,q,r, h for Help)> Enter card ID: Enter amount: Not valid. Enter a valid value: Card added.
Enter command (a,g,p,q,r, h for Help)> Enter card ID: Enter amount: Card added.
Enter command (a,g,p,q,r, h for Help)> Enter card ID: Enter amount: Card added.
Enter command (a,g,p,q,r, h for Help)> Enter card ID: Enter amount: Card added.
Enter command (a,g,p,q,r, h for Help)> Enter card ID: Enter amount: Card added.
Enter command (a,g,p,q,r, h for Help)> Enter card ID: Enter amount: Card added.
Enter command (a,g,p,q,r, h for Help)> Enter card ID: Enter amount: Card added.
Enter command (a,g,p,q,r, h for Help)> Enter card ID: Enter amount: Card added.
Enter command (a,g,p,q,r, h for Help)> Enter card ID: Enter amount: Card added.
Enter command (a,g,p,q,r, h for Help)> Enter card ID: Enter amount: Card added.
Enter command (a,g,p,q,r, h for Help)> Enter card ID: Enter amount: Card added.
Enter command (a,g,p,q,r, h for Help)> Enter card ID: Enter amount: Card added.
Enter command (a,g,p,q,r, h for Help)> Enter card ID: Enter amount: Card added.
Enter command (a,g,p,q,r, h for Help)> Enter card ID: Enter amount: Card added.
Enter command (a,g,p,q,r, h for Help)> Enter card ID: Enter amount: Card added.
Enter command (a,g,p,q,r, h for Help)> Enter card ID: Not valid. Enter a valid value: Enter amount: Card added.
Enter command (a,g,p,q,r, h for Help)> Enter card ID: Enter amount: Card added.
Enter command (a,g,p,q,r, h for Help)> Enter card ID: Enter amount: Card added.
Enter command (a,g,p,q,r, h for Help)> Enter card ID: Enter amount: Card added.
Enter command (a,g,p,q,r, h for Help)> Enter card ID: Enter amount: Not valid. Enter a valid value: Card added.
Enter command (a,g,p,q,r, h for Help)> Enter card ID: Not valid. Enter a valid value: Enter amount: Card added.
Enter command (a,g,p,q,r, h for Help)> Enter card ID: Enter amount: Card added.
Enter command (a,g,p,q,r, h for Help)> Enter card ID: Enter amount: Card added.
Enter command (a,g,p,q,r, h for Help)> Enter card ID: Enter amount: Card added.
Enter command (a,g,p,q,r, h for Help)> Enter card ID: Enter amount: Card added.
Enter command (a,g,p,q,r, h for Help)> Enter card ID: Not valid. Enter a valid value: Enter amount: Card added.
Enter command (a,g,p,q,r, h for Help)> -----------------
Card ID: 10071781
Balance: $178.97
-----------------
-----------------
Card ID: 10617616
Balance: $66.08
-----------------
-----------------
Card ID: 11125989
Balance: $208.52
-----------------
-----------------
Card ID: 12321030
Balance: $37.11
-----------------
-----------------
Card ID: 20062073
Balance: $216.83
-----------------
-----------------
Card ID: 23151739
Balance: $225.39
-----------------
-----------------
Card ID: 24930075
Balance: $216.83
-----------------
-----------------
Card ID: 27226186
Balance: $128.70
-----------------
-----------------
Card ID: 27938247
Balance: $116.30
-----------------
-----------------
Card ID: 28751154
Balance: $191.44
-----------------
-----------------
Card ID: 30056645
Balance: $219.06
-----------------
-----------------
Card ID: 39623511
Balance: $87.90
-----------------
-----------------
Card ID: 44945263
Balance: $40.57
-----------------
-----------------
Card ID: 45341562
Balance: $28.23
-----------------
-----------------
Card ID: 48865980
Balance: $109.20
-----------------
-----------------
Card ID: 49637435
Balance: $95.15
-----------------
-----------------
Card ID: 52863926
Balance: $162.98
-----------------
-----------------
Card ID: 53186614
Balance: $36.05
-----------------
-----------------
Card ID: 54173992
Balance: $176.05
-----------------
-----------------
Card ID: 56753331
Balance: $180.77
-----------------
-----------------
Card ID: 57078339
Balance: $151.31
-----------------
-----------------
Card ID: 60162976
Balance: $211.55
-----------------
-----------------
Card ID: 62144098
Balance: $129.58
-----------------
-----------------
Card ID: 62662281
Balance: $242.74
-----------------
-----------------
Card ID: 62672738
Balance: $101.92
-----------------
-----------------
Card ID: 65428426
Balance: $25.21
-----------------
-----------------
Card ID: 66026938
Balance: $63.20
-----------------
-----------------
Card ID: 72806549
Balance: $123.62
-----------------
-----------------
Card ID: 76888576
Balance: $12.87
-----------------
-----------------
Card ID: 79961413
Balance: $13.02
-----------------
-----------------
Card ID: 80912178
Balance: $197.18
-----------------
-----------------
Card ID: 82781130
Balance: $76.50
-----------------
-----------------
Card ID: 88078089
Balance: $26.69
-----------------
-----------------
Card ID: 88100190
Balance: $229.26
-----------------
-----------------
Card ID: 90222831
Balance: $129.30
-----------------
-----------------
Card ID: 96153951
Balance: $174.02
-----------------
-----------------
Card ID: 96537850
Balance: $224.65
-----------------
-----------------
Card ID: 98189893
Balance: $235.23
-----------------
-----------------
Card ID: 98245946
Balance: $58.45
-----------------
-----------------
Card ID: 98814593
Balance: $13.45
-----------------
-----------------
Card ID: 99101844
Balance: $114.61
-----------------
Enter command (a,g,p,q,r, h for Help)> Number of cards on file: 41
Average balance: $128.70
Enter command (a,g,p,q,r, h for Help)> Bye.
